entities,link,link_type_http://dbpedia.org/class/yago/WikicatArchaeologicalSitesInFrance,link_type_http://dbpedia.org/class/yago/WikicatPopulatedCoastalPlacesInArgentina
Paris,http://dbpedia.org/resource/Paris,True,False
Buenos Aires,http://dbpedia.org/resource/Buenos_Aires,False,True
Mannheim,http://dbpedia.org/resource/Mannheim,False,False
MÃ¼nchen,http://dbpedia.org/resource/Munich,False,False
