entities,link,link_type_http://dbpedia.org/class/yago/WikicatArchaeologicalSitesInFrance,link_type_http://dbpedia.org/class/yago/WikicatPopulatedCoastalPlacesInArgentina,link_type_http://dbpedia.org/class/yago/YagoLegalActorGeo
Paris,http://dbpedia.org/resource/Paris,True,False,True
Buenos Aires,http://dbpedia.org/resource/Buenos_Aires,False,True,True
Mannheim,http://dbpedia.org/resource/Mannheim,False,False,True
MÃ¼nchen,http://dbpedia.org/resource/Munich,False,False,True
