some_name,uri_bool_http://European_politician,http://person,uri_bool_http://class
Angela Merkel,True,True,3
Donald Trump,False,True,3
Sebastian Kurz,True,True,3
Darth Sidious,False,True,2
Nicolas Sarkozy,True,True,2
Jacinda Adern,False,True,2
Benjamin Netanjahu,False,True,2
Wladimir Putin,False,True,3
