link,entities,link_in_boolean_http://dbpedia.org/resource/Category:Prefectures_in_France,link_in_boolean_http://dbpedia.org/resource/Category:Provinces_of_Argentina,http://dbpedia.org/resource/Category:Wikipedia_categories_named_after_capitals,http://dbpedia.org/resource/Category:Wikipedia_categories_named_after_populated_places_in_Argentina,link_in_boolean_http://dbpedia.org/resource/Category:Capitals_in_South_America,http://dbpedia.org/resource/Category:Populated_coastal_places_in_Argentina,http://dbpedia.org/resource/Category:Cities_in_Argentina,link_in_boolean_http://dbpedia.org/resource/Category:Mannheim,link_in_boolean_http://dbpedia.org/resource/Category:3rd-century_BC_establishments_in_Europe,link_in_boolean_http://dbpedia.org/resource/Category:Articles_containing_video_clips,link_in_boolean_http://dbpedia.org/resource/Category:Capital_districts_and_territories,link_in_boolean_http://dbpedia.org/resource/Category:Capitals_in_Europe,link_in_boolean_http://dbpedia.org/resource/Category:Catholic_pilgrimage_sites,link_in_boolean_http://dbpedia.org/resource/Category:Cities_in_France,link_in_boolean_http://dbpedia.org/resource/Category:Cities_in_Île-de-France,link_in_boolean_http://dbpedia.org/resource/Category:Companions_of_the_Liberation,link_in_boolean_http://dbpedia.org/resource/Category:Departments_of_Île-de-France,link_in_boolean_http://dbpedia.org/resource/Category:French_culture,link_in_boolean_http://dbpedia.org/resource/Category:Historic_Jewish_communities,link_in_boolean_http://dbpedia.org/resource/Category:History_of_the_Palatinate_(region),link_in_boolean_http://dbpedia.org/resource/Category:Munich,http://dbpedia.org/resource/Category:Wikipedia_categories_named_after_populated_places_in_France,http://dbpedia.org/resource/Category:Departments_of_France,link_in_boolean_http://dbpedia.org/resource/Category:Planned_capitals,link_in_boolean_http://dbpedia.org/resource/Category:Populated_places_established_in_the_3rd_century_BC,link_in_boolean_http://dbpedia.org/resource/Category:University_towns_in_Germany,link_in_boolean_http://dbpedia.org/resource/Category:Autonomous_cities,link_in_boolean_http://dbpedia.org/resource/Category:Port_settlements_in_Argentina,link_in_boolean_http://dbpedia.org/resource/Category:Populated_places_established_in_the_12th_century,link_in_boolean_http://dbpedia.org/resource/Category:Populated_places_established_in_1580
http://dbpedia.org/resource/Paris,Paris,True,False,True,False,False,False,False,False,True,False,False,True,True,True,True,True,True,True,False,False,False,True,True,False,True,False,False,False,False,False
http://dbpedia.org/resource/Buenos_Aires,Buenos Aires,False,True,True,True,True,True,True,False,False,True,True,False,False,False,False,False,False,False,False,False,False,False,False,False,False,False,True,True,False,True
http://dbpedia.org/resource/Mannheim,Mannheim,False,False,False,False,False,False,False,True,False,False,False,False,False,False,False,False,False,False,True,True,False,False,False,True,False,True,False,False,False,False
http://dbpedia.org/resource/Munich,München,False,False,False,False,False,False,False,False,False,False,False,False,False,False,False,False,False,False,False,False,True,False,False,False,False,False,False,False,True,False
