label,uri,Link_In_boolean_http://dbpedia.org/ontology/location_type_http://dbpedia.org/class/yago/Marketplace103722288,Link_In_boolean_http://dbpedia.org/ontology/wikiPageWikiLink_type_http://dbpedia.org/class/yago/DisplacedPerson110017890,Link_In_boolean_http://dbpedia.org/ontology/wikiPageWikiLink_type_http://dbpedia.org/class/yago/Marketplace103722288,Link_In_boolean_http://dbpedia.org/ontology/wikiPageWikiLink_type_http://dbpedia.org/class/yago/WikicatDisplacedPersonsCampsInTheAftermathOfWorldWarII,Link_In_boolean_http://dbpedia.org/ontology/wikiPageWikiLink_type_http://dbpedia.org/class/yago/Workplace104602044
Hamburg,http://dbpedia.org/resource/Hamburg,True,True,True,True,True
Bremen,http://dbpedia.org/resource/Bremen,False,True,False,False,True
