label,uri,Link_Out_count_http://www.w3.org/2000/01/rdf-schema#seeAlso_type_http://dbpedia.org/class/yago/City108524735,Link_Out_count_http://www.w3.org/2000/01/rdf-schema#seeAlso_type_http://dbpedia.org/ontology/City,Link_Out_count_http://www.w3.org/2000/01/rdf-schema#seeAlso_type_http://schema.org/City,Link_Out_count_http://www.w3.org/2000/01/rdf-schema#seeAlso_type_http://umbel.org/umbel/rc/City,Link_Out_count_http://www.w3.org/2002/07/owl#sameAs_type_http://dbpedia.org/class/yago/City108524735,Link_Out_count_http://www.w3.org/2002/07/owl#sameAs_type_http://dbpedia.org/ontology/City,Link_Out_count_http://www.w3.org/2002/07/owl#sameAs_type_http://schema.org/City,Link_Out_count_http://www.w3.org/2002/07/owl#sameAs_type_http://umbel.org/umbel/rc/City
Hamburg,http://dbpedia.org/resource/Hamburg,1,1,1,1,1,1,1,1
Bremen,http://dbpedia.org/resource/Bremen,0,0,0,0,1,1,0,0
