label,uri,Link_In_relative_http://dbpedia.org/ontology/place_type_http://dbpedia.org/class/yago/Abstraction100002137,Link_In_relative_http://dbpedia.org/ontology/place_type_http://dbpedia.org/class/yago/Act100030358,Link_In_relative_http://dbpedia.org/ontology/place_type_http://dbpedia.org/class/yago/Battle100953559,Link_In_relative_http://dbpedia.org/ontology/place_type_http://dbpedia.org/class/yago/Conflict100958896,Link_In_relative_http://dbpedia.org/ontology/place_type_http://dbpedia.org/class/yago/Event100029378,Link_In_relative_http://dbpedia.org/ontology/place_type_http://dbpedia.org/class/yago/GroupAction101080366,Link_In_relative_http://dbpedia.org/ontology/place_type_http://dbpedia.org/class/yago/MilitaryAction100952963,Link_In_relative_http://dbpedia.org/ontology/place_type_http://dbpedia.org/class/yago/PsychologicalFeature100023100,Link_In_relative_http://dbpedia.org/ontology/place_type_http://dbpedia.org/class/yago/War100973077,Link_In_relative_http://dbpedia.org/ontology/place_type_http://dbpedia.org/class/yago/WikicatBattlesInvolvingTheUnitedKingdom,Link_In_relative_http://dbpedia.org/ontology/place_type_http://dbpedia.org/class/yago/WikicatBattlesOfWorldWarIIInvolvingGermany,Link_In_relative_http://dbpedia.org/ontology/place_type_http://dbpedia.org/class/yago/WikicatBattlesOfWorldWarIIInvolvingTheUnitedKingdom,Link_In_relative_http://dbpedia.org/ontology/place_type_http://dbpedia.org/class/yago/WikicatConflictsIn1945,Link_In_relative_http://dbpedia.org/ontology/place_type_http://dbpedia.org/class/yago/WikicatWarsInvolvingSweden,Link_In_relative_http://dbpedia.org/ontology/place_type_http://dbpedia.org/class/yago/YagoPermanentlyLocatedEntity,Link_In_relative_http://dbpedia.org/ontology/place_type_http://dbpedia.org/ontology/Event,Link_In_relative_http://dbpedia.org/ontology/place_type_http://dbpedia.org/ontology/MilitaryConflict,Link_In_relative_http://dbpedia.org/ontology/place_type_http://dbpedia.org/ontology/SocietalEvent,Link_In_relative_http://dbpedia.org/ontology/place_type_http://schema.org/Event,Link_In_relative_http://dbpedia.org/ontology/place_type_http://umbel.org/umbel/rc/ConflictEvent,Link_In_relative_http://dbpedia.org/ontology/place_type_http://umbel.org/umbel/rc/Event,Link_In_relative_http://dbpedia.org/ontology/place_type_http://www.ontologydesignpatterns.org/ont/dul/DUL.owl#Event,Link_In_relative_http://dbpedia.org/ontology/place_type_http://www.w3.org/2002/07/owl#Thing,Link_In_relative_http://dbpedia.org/ontology/place_type_http://www.wikidata.org/entity/Q1656682,Link_In_relative_http://dbpedia.org/property/place_type_http://dbpedia.org/class/yago/Abstraction100002137,Link_In_relative_http://dbpedia.org/property/place_type_http://dbpedia.org/class/yago/Contest107456188,Link_In_relative_http://dbpedia.org/property/place_type_http://dbpedia.org/class/yago/Event100029378,Link_In_relative_http://dbpedia.org/property/place_type_http://dbpedia.org/class/yago/PsychologicalFeature100023100,Link_In_relative_http://dbpedia.org/property/place_type_http://dbpedia.org/class/yago/SocialEvent107288639,Link_In_relative_http://dbpedia.org/property/place_type_http://dbpedia.org/class/yago/Tournament107464725,Link_In_relative_http://dbpedia.org/property/place_type_http://dbpedia.org/class/yago/WikicatInternationalSportsCompetitionsHostedByGermany,Link_In_relative_http://dbpedia.org/property/place_type_http://dbpedia.org/class/yago/YagoPermanentlyLocatedEntity,Link_In_relative_http://dbpedia.org/property/place_type_http://dbpedia.org/ontology/SoccerTournament,Link_In_relative_http://dbpedia.org/property/workplaces_type_http://dbpedia.org/ontology/Agent,Link_In_relative_http://dbpedia.org/property/workplaces_type_http://dbpedia.org/ontology/Person,Link_In_relative_http://dbpedia.org/property/workplaces_type_http://dbpedia.org/ontology/Scientist,Link_In_relative_http://dbpedia.org/property/workplaces_type_http://schema.org/Person,Link_In_relative_http://dbpedia.org/property/workplaces_type_http://www.ontologydesignpatterns.org/ont/dul/DUL.owl#Agent,Link_In_relative_http://dbpedia.org/property/workplaces_type_http://www.ontologydesignpatterns.org/ont/dul/DUL.owl#NaturalPerson,Link_In_relative_http://dbpedia.org/property/workplaces_type_http://www.w3.org/2002/07/owl#Thing,Link_In_relative_http://dbpedia.org/property/workplaces_type_http://www.wikidata.org/entity/Q215627,Link_In_relative_http://dbpedia.org/property/workplaces_type_http://www.wikidata.org/entity/Q24229398,Link_In_relative_http://dbpedia.org/property/workplaces_type_http://www.wikidata.org/entity/Q5,Link_In_relative_http://dbpedia.org/property/workplaces_type_http://www.wikidata.org/entity/Q901,Link_In_relative_http://dbpedia.org/property/workplaces_type_http://xmlns.com/foaf/0.1/Person
Hamburg,http://dbpedia.org/resource/Hamburg,0.024390243902439025,0.024390243902439025,0.024390243902439025,0.024390243902439025,0.024390243902439025,0.024390243902439025,0.024390243902439025,0.024390243902439025,0.0,0.024390243902439025,0.024390243902439025,0.024390243902439025,0.024390243902439025,0.0,0.024390243902439025,0.024390243902439025,0.024390243902439025,0.024390243902439025,0.024390243902439025,0.0,0.0,0.024390243902439025,0.024390243902439025,0.024390243902439025,0.024390243902439025,0.024390243902439025,0.024390243902439025,0.024390243902439025,0.024390243902439025,0.024390243902439025,0.024390243902439025,0.024390243902439025,0.024390243902439025,0.024390243902439025,0.024390243902439025,0.024390243902439025,0.024390243902439025,0.024390243902439025,0.024390243902439025,0.024390243902439025,0.024390243902439025,0.024390243902439025,0.024390243902439025,0.024390243902439025,0.024390243902439025
Bremen,http://dbpedia.org/resource/Bremen,0.06060606060606061,0.06060606060606061,0.0,0.06060606060606061,0.06060606060606061,0.06060606060606061,0.030303030303030304,0.06060606060606061,0.030303030303030304,0.0,0.0,0.0,0.0,0.030303030303030304,0.06060606060606061,0.06060606060606061,0.06060606060606061,0.06060606060606061,0.06060606060606061,0.030303030303030304,0.030303030303030304,0.06060606060606061,0.06060606060606061,0.06060606060606061,0.0,0.0,0.0,0.0,0.0,0.0,0.0,0.0,0.0,0.0,0.0,0.0,0.0,0.0,0.0,0.0,0.0,0.0,0.0,0.0,0.0
