label,uri,Link_Out_tfidf_http://dbpedia.org/ontology/wikiPageWikiLink_type_http://dbpedia.org/class/yago/City108524735,Link_Out_tfidf_http://dbpedia.org/ontology/wikiPageWikiLink_type_http://dbpedia.org/class/yago/CityDistrict108537837,Link_Out_tfidf_http://dbpedia.org/ontology/wikiPageWikiLink_type_http://dbpedia.org/class/yago/WikicatCityCountiesOfPoland,Link_Out_tfidf_http://dbpedia.org/ontology/wikiPageWikiLink_type_http://dbpedia.org/class/yago/WikicatCityNicknames,Link_Out_tfidf_http://dbpedia.org/ontology/wikiPageWikiLink_type_http://dbpedia.org/class/yago/WikicatCityWalls,Link_Out_tfidf_http://dbpedia.org/ontology/wikiPageWikiLink_type_http://dbpedia.org/class/yago/WikicatManchesterCityF.C.Players,Link_Out_tfidf_http://dbpedia.org/ontology/wikiPageWikiLink_type_http://dbpedia.org/class/yago/WikicatMusicalGroupsFromNewYorkCity,Link_Out_tfidf_http://dbpedia.org/ontology/wikiPageWikiLink_type_http://dbpedia.org/class/yago/WikicatOrganizationsBasedInNewYorkCity,Link_Out_tfidf_http://dbpedia.org/ontology/wikiPageWikiLink_type_http://dbpedia.org/class/yago/WikicatPeopleByCityInBaden-Württemberg,Link_Out_tfidf_http://dbpedia.org/ontology/wikiPageWikiLink_type_http://dbpedia.org/class/yago/WikicatTreatiesOfTheFreeCityOfFrankfurt,Link_Out_tfidf_http://dbpedia.org/ontology/wikiPageWikiLink_type_http://dbpedia.org/class/yago/WikicatTreatiesOfTheFreeCityOfLübeck,Link_Out_tfidf_http://dbpedia.org/ontology/wikiPageWikiLink_type_http://dbpedia.org/ontology/City,Link_Out_tfidf_http://dbpedia.org/ontology/wikiPageWikiLink_type_http://schema.org/City,Link_Out_tfidf_http://dbpedia.org/ontology/wikiPageWikiLink_type_http://umbel.org/umbel/rc/City,Link_Out_tfidf_http://dbpedia.org/property/east_type_http://dbpedia.org/class/yago/City108524735,Link_Out_tfidf_http://dbpedia.org/property/north_type_http://dbpedia.org/class/yago/City108524735,Link_Out_tfidf_http://dbpedia.org/property/north_type_http://dbpedia.org/ontology/City,Link_Out_tfidf_http://dbpedia.org/property/north_type_http://schema.org/City,Link_Out_tfidf_http://dbpedia.org/property/north_type_http://umbel.org/umbel/rc/City,Link_Out_tfidf_http://dbpedia.org/property/northeast_type_http://dbpedia.org/class/yago/City108524735,Link_Out_tfidf_http://dbpedia.org/property/northeast_type_http://dbpedia.org/ontology/City,Link_Out_tfidf_http://dbpedia.org/property/northeast_type_http://schema.org/City,Link_Out_tfidf_http://dbpedia.org/property/northeast_type_http://umbel.org/umbel/rc/City,Link_Out_tfidf_http://dbpedia.org/property/northwest_type_http://dbpedia.org/class/yago/City108524735,Link_Out_tfidf_http://dbpedia.org/property/south_type_http://dbpedia.org/class/yago/City108524735,Link_Out_tfidf_http://dbpedia.org/property/south_type_http://dbpedia.org/ontology/City,Link_Out_tfidf_http://dbpedia.org/property/south_type_http://schema.org/City,Link_Out_tfidf_http://dbpedia.org/property/south_type_http://umbel.org/umbel/rc/City,Link_Out_tfidf_http://dbpedia.org/property/southeast_type_http://dbpedia.org/class/yago/City108524735,Link_Out_tfidf_http://dbpedia.org/property/southeast_type_http://dbpedia.org/ontology/City,Link_Out_tfidf_http://dbpedia.org/property/southeast_type_http://schema.org/City,Link_Out_tfidf_http://dbpedia.org/property/southeast_type_http://umbel.org/umbel/rc/City,Link_Out_tfidf_http://dbpedia.org/property/southwest_type_http://dbpedia.org/class/yago/City108524735,Link_Out_tfidf_http://dbpedia.org/property/southwest_type_http://dbpedia.org/ontology/City,Link_Out_tfidf_http://dbpedia.org/property/west_type_http://dbpedia.org/class/yago/City108524735,Link_Out_tfidf_http://dbpedia.org/property/west_type_http://dbpedia.org/ontology/City,Link_Out_tfidf_http://www.w3.org/2000/01/rdf-schema#seeAlso_type_http://dbpedia.org/class/yago/City108524735,Link_Out_tfidf_http://www.w3.org/2000/01/rdf-schema#seeAlso_type_http://dbpedia.org/class/yago/WikicatGermanCityHistoryTimelines,Link_Out_tfidf_http://www.w3.org/2000/01/rdf-schema#seeAlso_type_http://dbpedia.org/ontology/City,Link_Out_tfidf_http://www.w3.org/2000/01/rdf-schema#seeAlso_type_http://schema.org/City,Link_Out_tfidf_http://www.w3.org/2000/01/rdf-schema#seeAlso_type_http://umbel.org/umbel/rc/City
Hamburg,http://dbpedia.org/resource/Hamburg,0.0,0.028881132523331052,0.0,0.0057762265046662105,0.0,0.0,0.0,0.0057762265046662105,0.0,0.0057762265046662105,0.0057762265046662105,0.0,0.0,0.0,0.0,0.0,0.0,0.0057762265046662105,0.0057762265046662105,0.0,0.0,0.0,0.0,0.0057762265046662105,0.0,0.0,0.0,0.0057762265046662105,0.0,0.0,0.0,0.0,0.0,0.0,0.011552453009332421,0.011552453009332421,0.0057762265046662105,0.0,0.0057762265046662105,0.0057762265046662105,0.0057762265046662105
Bremen,http://dbpedia.org/resource/Bremen,0.0,0.0,0.007617001984175224,0.0,0.007617001984175224,0.007617001984175224,0.007617001984175224,0.0,0.007617001984175224,0.0,0.0,0.0,0.0,0.0,0.0,0.0,0.0,0.0,0.0,0.0,0.0,0.0,0.0,0.0,0.0,0.0,0.0,0.0,0.0,0.0,0.0,0.0,0.0,0.0,0.0,0.0,0.0,0.0,0.0,0.0,0.0
