a,new_link,new_link_in_boolean_http://dbpedia.org/resource/Category:Stuttgart,new_link_in_boolean_http://dbpedia.org/resource/Category:Stuttgart_(region),new_link_in_boolean_http://dbpedia.org/resource/Category:Spa_towns_in_Germany,new_link_in_boolean_http://dbpedia.org/resource/Category:10th-century_establishments,new_link_in_boolean_http://dbpedia.org/resource/Category:German_state_capitals,new_link_in_boolean_http://dbpedia.org/resource/Category:Württemberg,new_link_in_boolean_http://dbpedia.org/resource/Category:University_towns_in_Germany,new_link_in_boolean_http://dbpedia.org/resource/Category:Tübingen,new_link_in_boolean_http://dbpedia.org/resource/Category:Tübingen_(district),new_link_in_boolean_http://dbpedia.org/resource/Category:Former_states_and_territories_of_Baden-Württemberg
0,http://dbpedia.org/resource/Stuttgart,True,True,True,True,True,True,True,False,False,False
1,http://dbpedia.org/resource/Tübingen,False,False,False,False,False,False,True,True,True,True
