a,b,a_in_boolean_http://dbpedia.org/resource/Category:People_from_Waiblingen,a_in_boolean_http://dbpedia.org/resource/Category:Waldorf_school_alumni,a_in_boolean_http://dbpedia.org/resource/Category:1972_births,a_in_boolean_http://dbpedia.org/resource/Category:Living_people,a_in_boolean_http://dbpedia.org/resource/Category:Alliance_'90/The_Greens_politicians,a_in_boolean_http://dbpedia.org/resource/Category:Mayors_of_places_in_Germany,a_in_boolean_http://dbpedia.org/resource/Category:Members_of_the_Landtag_of_Baden-WÃ¼rttemberg,a_in_boolean_http://dbpedia.org/resource/Category:Swimmers_at_the_2000_Summer_Olympics,a_in_boolean_http://dbpedia.org/resource/Category:Olympic_swimmers_of_Austria,a_in_boolean_http://dbpedia.org/resource/Category:Austrian_male_swimmers,a_in_boolean_http://dbpedia.org/resource/Category:1973_births,a_in_boolean_http://dbpedia.org/resource/Category:Male_breaststroke_swimmers,b_in_boolean_http://dbpedia.org/resource/Category:13,b_in_boolean_http://dbpedia.org/resource/Category:753
http://dbpedia.org/resource/Boris_Palmer,http://dbpedia.org/resource/13,True,True,True,True,True,True,True,False,False,False,False,False,True,False
http://dbpedia.org/resource/Patrick_Schmollinger,http://dbpedia.org/resource/753,True,False,False,True,False,False,False,True,True,True,True,True,False,True
