a,new_link,new_link_in_boolean_http://dbpedia.org/resource/Germany,new_link_in_boolean_http://dbpedia.org/resource/List_of_twin_towns,new_link_in_boolean_http://dbpedia.org/resource/The_Middle_Ages,new_link_in_boolean_http://dbpedia.org/resource/Sister_cities
0,http://dbpedia.org/resource/Stuttgart,True,True,True,True
1,http://dbpedia.org/resource/TÃ¼bingen,True,True,False,True
