label,uri,Link_In_tfidf_http://dbpedia.org/ontology/administrativeDistrict,Link_In_tfidf_http://dbpedia.org/ontology/agency,Link_In_tfidf_http://dbpedia.org/ontology/assembly,Link_In_tfidf_http://dbpedia.org/ontology/authority,Link_In_tfidf_http://dbpedia.org/ontology/award,Link_In_tfidf_http://dbpedia.org/ontology/battle,Link_In_tfidf_http://dbpedia.org/ontology/billed,Link_In_tfidf_http://dbpedia.org/ontology/birthPlace,Link_In_tfidf_http://dbpedia.org/ontology/broadcastArea,Link_In_tfidf_http://dbpedia.org/ontology/builder,Link_In_tfidf_http://dbpedia.org/ontology/campus,Link_In_tfidf_http://dbpedia.org/ontology/capital,Link_In_tfidf_http://dbpedia.org/ontology/citizenship,Link_In_tfidf_http://dbpedia.org/ontology/city,Link_In_tfidf_http://dbpedia.org/ontology/country,Link_In_tfidf_http://dbpedia.org/ontology/currency,Link_In_tfidf_http://dbpedia.org/ontology/deathPlace,Link_In_tfidf_http://dbpedia.org/ontology/federalState,Link_In_tfidf_http://dbpedia.org/ontology/foundationPlace,Link_In_tfidf_http://dbpedia.org/ontology/garrison,Link_In_tfidf_http://dbpedia.org/ontology/ground,Link_In_tfidf_http://dbpedia.org/ontology/headquarter,Link_In_tfidf_http://dbpedia.org/ontology/homeStadium,Link_In_tfidf_http://dbpedia.org/ontology/homeport,Link_In_tfidf_http://dbpedia.org/ontology/hometown,Link_In_tfidf_http://dbpedia.org/ontology/isPartOf,Link_In_tfidf_http://dbpedia.org/ontology/largestCity,Link_In_tfidf_http://dbpedia.org/ontology/locatedInArea,Link_In_tfidf_http://dbpedia.org/ontology/location,Link_In_tfidf_http://dbpedia.org/ontology/locationCity,Link_In_tfidf_http://dbpedia.org/ontology/locationCountry,Link_In_tfidf_http://dbpedia.org/ontology/mouthMountain,Link_In_tfidf_http://dbpedia.org/ontology/mouthPlace,Link_In_tfidf_http://dbpedia.org/ontology/nationality,Link_In_tfidf_http://dbpedia.org/ontology/nearestCity,Link_In_tfidf_http://dbpedia.org/ontology/occupation,Link_In_tfidf_http://dbpedia.org/ontology/operator,Link_In_tfidf_http://dbpedia.org/ontology/place,Link_In_tfidf_http://dbpedia.org/ontology/populationPlace,Link_In_tfidf_http://dbpedia.org/ontology/premierePlace,Link_In_tfidf_http://dbpedia.org/ontology/province,Link_In_tfidf_http://dbpedia.org/ontology/recordedIn,Link_In_tfidf_http://dbpedia.org/ontology/region,Link_In_tfidf_http://dbpedia.org/ontology/regionServed,Link_In_tfidf_http://dbpedia.org/ontology/residence,Link_In_tfidf_http://dbpedia.org/ontology/restingPlace,Link_In_tfidf_http://dbpedia.org/ontology/routeEnd,Link_In_tfidf_http://dbpedia.org/ontology/routeStart,Link_In_tfidf_http://dbpedia.org/ontology/sourceMountain,Link_In_tfidf_http://dbpedia.org/ontology/sourcePlace,Link_In_tfidf_http://dbpedia.org/ontology/state,Link_In_tfidf_http://dbpedia.org/ontology/stateOfOrigin,Link_In_tfidf_http://dbpedia.org/ontology/type,Link_In_tfidf_http://dbpedia.org/ontology/usingCountry,Link_In_tfidf_http://dbpedia.org/ontology/wikiPageDisambiguates,Link_In_tfidf_http://dbpedia.org/ontology/wikiPageRedirects,Link_In_tfidf_http://dbpedia.org/ontology/wikiPageWikiLink,Link_In_tfidf_http://dbpedia.org/property/address,Link_In_tfidf_http://dbpedia.org/property/adminCenter,Link_In_tfidf_http://dbpedia.org/property/after,Link_In_tfidf_http://dbpedia.org/property/agglomeration,Link_In_tfidf_http://dbpedia.org/property/birthPlace,Link_In_tfidf_http://dbpedia.org/property/borough,Link_In_tfidf_http://dbpedia.org/property/builders,Link_In_tfidf_http://dbpedia.org/property/caption,Link_In_tfidf_http://dbpedia.org/property/cities,Link_In_tfidf_http://dbpedia.org/property/city,Link_In_tfidf_http://dbpedia.org/property/country,Link_In_tfidf_http://dbpedia.org/property/curlingClub,Link_In_tfidf_http://dbpedia.org/property/deathPlace,Link_In_tfidf_http://dbpedia.org/property/east,Link_In_tfidf_http://dbpedia.org/property/end,Link_In_tfidf_http://dbpedia.org/property/fightingOutOf,Link_In_tfidf_http://dbpedia.org/property/finish,Link_In_tfidf_http://dbpedia.org/property/foundingLocation,Link_In_tfidf_http://dbpedia.org/property/grossst√§dte,Link_In_tfidf_http://dbpedia.org/property/headquarters,Link_In_tfidf_http://dbpedia.org/property/home,Link_In_tfidf_http://dbpedia.org/property/hometown,Link_In_tfidf_http://dbpedia.org/property/hostCity,Link_In_tfidf_http://dbpedia.org/property/hqLocation,Link_In_tfidf_http://dbpedia.org/property/hqLocationCity,Link_In_tfidf_http://dbpedia.org/property/l,Link_In_tfidf_http://dbpedia.org/property/locale,Link_In_tfidf_http://dbpedia.org/property/location,Link_In_tfidf_http://dbpedia.org/property/locationCity,Link_In_tfidf_http://dbpedia.org/property/locationTown,Link_In_tfidf_http://dbpedia.org/property/metroArea,Link_In_tfidf_http://dbpedia.org/property/namedAfter,Link_In_tfidf_http://dbpedia.org/property/nextcity,Link_In_tfidf_http://dbpedia.org/property/north,Link_In_tfidf_http://dbpedia.org/property/northeast,Link_In_tfidf_http://dbpedia.org/property/northwest,Link_In_tfidf_http://dbpedia.org/property/offices,Link_In_tfidf_http://dbpedia.org/property/origin,Link_In_tfidf_http://dbpedia.org/property/place,Link_In_tfidf_http://dbpedia.org/property/premiereLocation,Link_In_tfidf_http://dbpedia.org/property/prevcity,Link_In_tfidf_http://dbpedia.org/property/prevunhocity,Link_In_tfidf_http://dbpedia.org/property/province,Link_In_tfidf_http://dbpedia.org/property/rd1t1Loc,Link_In_tfidf_http://dbpedia.org/property/rd1t2Loc,Link_In_tfidf_http://dbpedia.org/property/rd2t1Loc,Link_In_tfidf_http://dbpedia.org/property/rd2t3Loc,Link_In_tfidf_http://dbpedia.org/property/rd3t1Loc,Link_In_tfidf_http://dbpedia.org/property/rd3t2Loc,Link_In_tfidf_http://dbpedia.org/property/region,Link_In_tfidf_http://dbpedia.org/property/residence,Link_In_tfidf_http://dbpedia.org/property/school,Link_In_tfidf_http://dbpedia.org/property/shipMaidenVoyage,Link_In_tfidf_http://dbpedia.org/property/shipNamesake,Link_In_tfidf_http://dbpedia.org/property/shipRegistry,Link_In_tfidf_http://dbpedia.org/property/shipRoute,Link_In_tfidf_http://dbpedia.org/property/south,Link_In_tfidf_http://dbpedia.org/property/southeast,Link_In_tfidf_http://dbpedia.org/property/southwest,Link_In_tfidf_http://dbpedia.org/property/st,Link_In_tfidf_http://dbpedia.org/property/stadium,Link_In_tfidf_http://dbpedia.org/property/start,Link_In_tfidf_http://dbpedia.org/property/state,Link_In_tfidf_http://dbpedia.org/property/states,Link_In_tfidf_http://dbpedia.org/property/studio,Link_In_tfidf_http://dbpedia.org/property/subdivisionName,Link_In_tfidf_http://dbpedia.org/property/terrChan,Link_In_tfidf_http://dbpedia.org/property/text,Link_In_tfidf_http://dbpedia.org/property/venue,Link_In_tfidf_http://dbpedia.org/property/venues,Link_In_tfidf_http://dbpedia.org/property/winnerOrigin,Link_In_tfidf_http://dbpedia.org/property/workplaces,Link_In_tfidf_http://purl.org/linguistics/gold/hypernym,Link_In_tfidf_http://www.w3.org/2000/01/rdf-schema#seeAlso,Link_In_tfidf_http://xmlns.com/foaf/0.1/primaryTopic
Hamburg,http://dbpedia.org/resource/Hamburg,0.00042822909217407455,0.00019464958735185208,0.0,3.892991747037042e-05,7.785983494074084e-05,0.0,7.785983494074084e-05,0.0,0.0,0.0,3.892991747037042e-05,0.0,3.892991747037042e-05,0.0,0.0,0.0,0.0,0.0,0.0,0.0,0.0,0.0,0.0,0.0,0.0,0.0,3.892991747037042e-05,7.785983494074084e-05,0.0,0.0,3.892991747037042e-05,0.00011678975241111125,0.00011678975241111125,0.00015571966988148168,0.0,3.892991747037042e-05,0.0,0.0,0.0,0.0,3.892991747037042e-05,0.0,0.0,0.00015571966988148168,0.0,0.0002725094222925929,3.892991747037042e-05,0.0,3.892991747037042e-05,3.892991747037042e-05,0.0,3.892991747037042e-05,3.892991747037042e-05,3.892991747037042e-05,0.0,0.0,0.0,3.892991747037042e-05,3.892991747037042e-05,3.892991747037042e-05,3.892991747037042e-05,0.0,0.0,0.0,3.892991747037042e-05,7.785983494074084e-05,0.0,0.00015571966988148168,3.892991747037042e-05,0.0,3.892991747037042e-05,3.892991747037042e-05,7.785983494074084e-05,3.892991747037042e-05,0.0,0.0,0.0,3.892991747037042e-05,3.892991747037042e-05,0.0,7.785983494074084e-05,0.0,3.892991747037042e-05,0.0,0.0,0.0,3.892991747037042e-05,3.892991747037042e-05,3.892991747037042e-05,7.785983494074084e-05,0.00015571966988148168,3.892991747037042e-05,0.0,3.892991747037042e-05,0.0,3.892991747037042e-05,3.892991747037042e-05,3.892991747037042e-05,3.892991747037042e-05,7.785983494074084e-05,0.0,0.0,0.00015571966988148168,0.0,3.892991747037042e-05,0.00011678975241111125,0.0,7.785983494074084e-05,3.892991747037042e-05,0.0,0.0,0.0,0.00011678975241111125,0.0,3.892991747037042e-05,0.0,0.0,0.0,3.892991747037042e-05,0.0,0.0,3.892991747037042e-05,0.0,3.892991747037042e-05,3.892991747037042e-05,0.0,3.892991747037042e-05,3.892991747037042e-05,3.892991747037042e-05,0.0,0.000467159009644445,0.0
Bremen,http://dbpedia.org/resource/Bremen,0.0,0.0,0.0014548023251592058,0.0,0.0,0.00026450951366531017,0.0,0.0,0.0,0.0,0.0,0.0,0.0,0.0,0.0,0.00013225475683265508,0.0,0.0,0.0,0.0,0.0,0.0,0.0,0.0,0.0,0.0,0.0,0.0,0.0,0.0,0.0,0.0,0.0,0.0,0.00026450951366531017,0.0,0.0,0.0,0.0,0.0,0.0,0.0,0.0,0.0,0.0,0.0,0.0,0.0,0.0,0.0,0.0,0.0,0.0,0.0,0.0,0.0,0.0,0.0,0.0,0.0,0.0,0.0,0.0,0.0,0.0,0.0,0.0,0.0,0.0,0.0,0.0,0.0,0.0,0.0,0.00013225475683265508,0.00013225475683265508,0.0,0.0,0.0,0.0,0.0,0.0,0.0,0.0,0.0,0.0,0.0,0.0,0.0,0.0,0.0,0.0,0.00026450951366531017,0.0,0.0,0.0,0.0,0.0,0.0,0.0,0.00026450951366531017,0.00026450951366531017,0.0,0.00013225475683265508,0.0,0.0,0.0,0.0,0.0,0.00013225475683265508,0.00026450951366531017,0.0,0.0,0.0,0.0,0.0,0.0,0.0,0.0,0.0,0.0,0.0,0.0,0.0,0.0,0.0,0.0,0.0,0.0,0.0,0.0,0.0
