label,uri,Link_Out_boolean_http://dbpedia.org/ontology/PopulatedPlace/areaMetro,Link_Out_boolean_http://dbpedia.org/ontology/PopulatedPlace/areaTotal,Link_Out_boolean_http://dbpedia.org/ontology/abstract,Link_Out_boolean_http://dbpedia.org/ontology/areaCode,Link_Out_boolean_http://dbpedia.org/ontology/areaMetro,Link_Out_boolean_http://dbpedia.org/ontology/areaTotal,Link_Out_boolean_http://dbpedia.org/ontology/country,Link_Out_boolean_http://dbpedia.org/ontology/demonym,Link_Out_boolean_http://dbpedia.org/ontology/elevation,Link_Out_boolean_http://dbpedia.org/ontology/federalState,Link_Out_boolean_http://dbpedia.org/ontology/leader,Link_Out_boolean_http://dbpedia.org/ontology/leaderName,Link_Out_boolean_http://dbpedia.org/ontology/leaderParty,Link_Out_boolean_http://dbpedia.org/ontology/leaderTitle,Link_Out_boolean_http://dbpedia.org/ontology/populationAsOf,Link_Out_boolean_http://dbpedia.org/ontology/populationMetro,Link_Out_boolean_http://dbpedia.org/ontology/populationTotal,Link_Out_boolean_http://dbpedia.org/ontology/postalCode,Link_Out_boolean_http://dbpedia.org/ontology/thumbnail,Link_Out_boolean_http://dbpedia.org/ontology/wikiPageExternalLink,Link_Out_boolean_http://dbpedia.org/ontology/wikiPageID,Link_Out_boolean_http://dbpedia.org/ontology/wikiPageRevisionID,Link_Out_boolean_http://dbpedia.org/ontology/wikiPageWikiLink,Link_Out_boolean_http://dbpedia.org/property/aprHighC,Link_Out_boolean_http://dbpedia.org/property/aprHumidity,Link_Out_boolean_http://dbpedia.org/property/aprLowC,Link_Out_boolean_http://dbpedia.org/property/aprMeanC,Link_Out_boolean_http://dbpedia.org/property/aprRainDays,Link_Out_boolean_http://dbpedia.org/property/aprRainMm,Link_Out_boolean_http://dbpedia.org/property/aprRecordHighC,Link_Out_boolean_http://dbpedia.org/property/aprRecordLowC,Link_Out_boolean_http://dbpedia.org/property/aprSun,Link_Out_boolean_http://dbpedia.org/property/augHighC,Link_Out_boolean_http://dbpedia.org/property/augHumidity,Link_Out_boolean_http://dbpedia.org/property/augLowC,Link_Out_boolean_http://dbpedia.org/property/augMeanC,Link_Out_boolean_http://dbpedia.org/property/augRainDays,Link_Out_boolean_http://dbpedia.org/property/augRainMm,Link_Out_boolean_http://dbpedia.org/property/augRecordHighC,Link_Out_boolean_http://dbpedia.org/property/augRecordLowC,Link_Out_boolean_http://dbpedia.org/property/augSun,Link_Out_boolean_http://dbpedia.org/property/bsize,Link_Out_boolean_http://dbpedia.org/property/center,Link_Out_boolean_http://dbpedia.org/property/centre,Link_Out_boolean_http://dbpedia.org/property/cheight,Link_Out_boolean_http://dbpedia.org/property/coaSize,Link_Out_boolean_http://dbpedia.org/property/coordinatesDisplay,Link_Out_boolean_http://dbpedia.org/property/cwidth,Link_Out_boolean_http://dbpedia.org/property/date,Link_Out_boolean_http://dbpedia.org/property/decHighC,Link_Out_boolean_http://dbpedia.org/property/decHumidity,Link_Out_boolean_http://dbpedia.org/property/decLowC,Link_Out_boolean_http://dbpedia.org/property/decMeanC,Link_Out_boolean_http://dbpedia.org/property/decRainDays,Link_Out_boolean_http://dbpedia.org/property/decRainMm,Link_Out_boolean_http://dbpedia.org/property/decRecordHighC,Link_Out_boolean_http://dbpedia.org/property/decRecordLowC,Link_Out_boolean_http://dbpedia.org/property/decSun,Link_Out_boolean_http://dbpedia.org/property/description,Link_Out_boolean_http://dbpedia.org/property/district,Link_Out_boolean_http://dbpedia.org/property/divisions,Link_Out_boolean_http://dbpedia.org/property/east,Link_Out_boolean_http://dbpedia.org/property/febHighC,Link_Out_boolean_http://dbpedia.org/property/febHumidity,Link_Out_boolean_http://dbpedia.org/property/febLowC,Link_Out_boolean_http://dbpedia.org/property/febMeanC,Link_Out_boolean_http://dbpedia.org/property/febRainDays,Link_Out_boolean_http://dbpedia.org/property/febRainMm,Link_Out_boolean_http://dbpedia.org/property/febRecordHighC,Link_Out_boolean_http://dbpedia.org/property/febRecordLowC,Link_Out_boolean_http://dbpedia.org/property/febSun,Link_Out_boolean_http://dbpedia.org/property/flag,Link_Out_boolean_http://dbpedia.org/property/gdp,Link_Out_boolean_http://dbpedia.org/property/gdpPerCapita,Link_Out_boolean_http://dbpedia.org/property/gdpPerCapitaYear,Link_Out_boolean_http://dbpedia.org/property/gdpYear,Link_Out_boolean_http://dbpedia.org/property/gemeindeschl√ºssel,Link_Out_boolean_http://dbpedia.org/property/imageCaption,Link_Out_boolean_http://dbpedia.org/property/imageCoa,Link_Out_boolean_http://dbpedia.org/property/imageFlag,Link_Out_boolean_http://dbpedia.org/property/isoRegion,Link_Out_boolean_http://dbpedia.org/property/janHighC,Link_Out_boolean_http://dbpedia.org/property/janHumidity,Link_Out_boolean_http://dbpedia.org/property/janLowC,Link_Out_boolean_http://dbpedia.org/property/janMeanC,Link_Out_boolean_http://dbpedia.org/property/janRainDays,Link_Out_boolean_http://dbpedia.org/property/janRainMm,Link_Out_boolean_http://dbpedia.org/property/janRecordHighC,Link_Out_boolean_http://dbpedia.org/property/janRecordLowC,Link_Out_boolean_http://dbpedia.org/property/janSun,Link_Out_boolean_http://dbpedia.org/property/julHighC,Link_Out_boolean_http://dbpedia.org/property/julHumidity,Link_Out_boolean_http://dbpedia.org/property/julLowC,Link_Out_boolean_http://dbpedia.org/property/julMeanC,Link_Out_boolean_http://dbpedia.org/property/julRainDays,Link_Out_boolean_http://dbpedia.org/property/julRainMm,Link_Out_boolean_http://dbpedia.org/property/julRecordHighC,Link_Out_boolean_http://dbpedia.org/property/julRecordLowC,Link_Out_boolean_http://dbpedia.org/property/julSun,Link_Out_boolean_http://dbpedia.org/property/junHighC,Link_Out_boolean_http://dbpedia.org/property/junHumidity,Link_Out_boolean_http://dbpedia.org/property/junLowC,Link_Out_boolean_http://dbpedia.org/property/junMeanC,Link_Out_boolean_http://dbpedia.org/property/junRainDays,Link_Out_boolean_http://dbpedia.org/property/junRainMm,Link_Out_boolean_http://dbpedia.org/property/junRecordHighC,Link_Out_boolean_http://dbpedia.org/property/junRecordLowC,Link_Out_boolean_http://dbpedia.org/property/junSun,Link_Out_boolean_http://dbpedia.org/property/kfz,Link_Out_boolean_http://dbpedia.org/property/latDeg,Link_Out_boolean_http://dbpedia.org/property/latMin,Link_Out_boolean_http://dbpedia.org/property/latd,Link_Out_boolean_http://dbpedia.org/property/latm,Link_Out_boolean_http://dbpedia.org/property/latns,Link_Out_boolean_http://dbpedia.org/property/lats,Link_Out_boolean_http://dbpedia.org/property/leaderParty,Link_Out_boolean_http://dbpedia.org/property/location,Link_Out_boolean_http://dbpedia.org/property/locode,Link_Out_boolean_http://dbpedia.org/property/lonDeg,Link_Out_boolean_http://dbpedia.org/property/lonMin,Link_Out_boolean_http://dbpedia.org/property/longd,Link_Out_boolean_http://dbpedia.org/property/longew,Link_Out_boolean_http://dbpedia.org/property/longm,Link_Out_boolean_http://dbpedia.org/property/longs,Link_Out_boolean_http://dbpedia.org/property/marHighC,Link_Out_boolean_http://dbpedia.org/property/marHumidity,Link_Out_boolean_http://dbpedia.org/property/marLowC,Link_Out_boolean_http://dbpedia.org/property/marMeanC,Link_Out_boolean_http://dbpedia.org/property/marRainDays,Link_Out_boolean_http://dbpedia.org/property/marRainMm,Link_Out_boolean_http://dbpedia.org/property/marRecordHighC,Link_Out_boolean_http://dbpedia.org/property/marRecordLowC,Link_Out_boolean_http://dbpedia.org/property/marSun,Link_Out_boolean_http://dbpedia.org/property/mayHighC,Link_Out_boolean_http://dbpedia.org/property/mayHumidity,Link_Out_boolean_http://dbpedia.org/property/mayLowC,Link_Out_boolean_http://dbpedia.org/property/mayMeanC,Link_Out_boolean_http://dbpedia.org/property/mayRainDays,Link_Out_boolean_http://dbpedia.org/property/mayRainMm,Link_Out_boolean_http://dbpedia.org/property/mayRecordHighC,Link_Out_boolean_http://dbpedia.org/property/mayRecordLowC,Link_Out_boolean_http://dbpedia.org/property/maySun,Link_Out_boolean_http://dbpedia.org/property/metricFirst,Link_Out_boolean_http://dbpedia.org/property/name,Link_Out_boolean_http://dbpedia.org/property/north,Link_Out_boolean_http://dbpedia.org/property/northeast,Link_Out_boolean_http://dbpedia.org/property/northwest,Link_Out_boolean_http://dbpedia.org/property/novHighC,Link_Out_boolean_http://dbpedia.org/property/novHumidity,Link_Out_boolean_http://dbpedia.org/property/novLowC,Link_Out_boolean_http://dbpedia.org/property/novMeanC,Link_Out_boolean_http://dbpedia.org/property/novRainDays,Link_Out_boolean_http://dbpedia.org/property/novRainMm,Link_Out_boolean_http://dbpedia.org/property/novRecordHighC,Link_Out_boolean_http://dbpedia.org/property/novRecordLowC,Link_Out_boolean_http://dbpedia.org/property/novSun,Link_Out_boolean_http://dbpedia.org/property/nuts,Link_Out_boolean_http://dbpedia.org/property/octHighC,Link_Out_boolean_http://dbpedia.org/property/octHumidity,Link_Out_boolean_http://dbpedia.org/property/octLowC,Link_Out_boolean_http://dbpedia.org/property/octMeanC,Link_Out_boolean_http://dbpedia.org/property/octRainDays,Link_Out_boolean_http://dbpedia.org/property/octRainMm,Link_Out_boolean_http://dbpedia.org/property/octRecordHighC,Link_Out_boolean_http://dbpedia.org/property/octRecordLowC,Link_Out_boolean_http://dbpedia.org/property/octSun,Link_Out_boolean_http://dbpedia.org/property/oleft,Link_Out_boolean_http://dbpedia.org/property/otop,Link_Out_boolean_http://dbpedia.org/property/party,Link_Out_boolean_http://dbpedia.org/property/rainColour,Link_Out_boolean_http://dbpedia.org/property/rulingParty,Link_Out_boolean_http://dbpedia.org/property/sepHighC,Link_Out_boolean_http://dbpedia.org/property/sepHumidity,Link_Out_boolean_http://dbpedia.org/property/sepLowC,Link_Out_boolean_http://dbpedia.org/property/sepMeanC,Link_Out_boolean_http://dbpedia.org/property/sepRainDays,Link_Out_boolean_http://dbpedia.org/property/sepRainMm,Link_Out_boolean_http://dbpedia.org/property/sepRecordHighC,Link_Out_boolean_http://dbpedia.org/property/sepRecordLowC,Link_Out_boolean_http://dbpedia.org/property/sepSun,Link_Out_boolean_http://dbpedia.org/property/singleLine,Link_Out_boolean_http://dbpedia.org/property/source,Link_Out_boolean_http://dbpedia.org/property/south,Link_Out_boolean_http://dbpedia.org/property/southeast,Link_Out_boolean_http://dbpedia.org/property/southwest,Link_Out_boolean_http://dbpedia.org/property/stateCoa,Link_Out_boolean_http://dbpedia.org/property/title,Link_Out_boolean_http://dbpedia.org/property/type,Link_Out_boolean_http://dbpedia.org/property/unitRainDays,Link_Out_boolean_http://dbpedia.org/property/votes,Link_Out_boolean_http://dbpedia.org/property/website,Link_Out_boolean_http://dbpedia.org/property/west,Link_Out_boolean_http://dbpedia.org/property/wordnet_type,Link_Out_boolean_http://dbpedia.org/property/yearHighC,Link_Out_boolean_http://dbpedia.org/property/yearHumidity,Link_Out_boolean_http://dbpedia.org/property/yearLowC,Link_Out_boolean_http://dbpedia.org/property/yearMeanC,Link_Out_boolean_http://dbpedia.org/property/yearRainMm,Link_Out_boolean_http://dbpedia.org/property/yearRecordHighC,Link_Out_boolean_http://dbpedia.org/property/yearRecordLowC,Link_Out_boolean_http://purl.org/dc/terms/subject,Link_Out_boolean_http://purl.org/linguistics/gold/hypernym,Link_Out_boolean_http://purl.org/voc/vrank#hasRank,Link_Out_boolean_http://www.georss.org/georss/point,Link_Out_boolean_http://www.w3.org/1999/02/22-rdf-syntax-ns#type,Link_Out_boolean_http://www.w3.org/2000/01/rdf-schema#comment,Link_Out_boolean_http://www.w3.org/2000/01/rdf-schema#label,Link_Out_boolean_http://www.w3.org/2000/01/rdf-schema#seeAlso,Link_Out_boolean_http://www.w3.org/2002/07/owl#sameAs,Link_Out_boolean_http://www.w3.org/2003/01/geo/wgs84_pos#geometry,Link_Out_boolean_http://www.w3.org/2003/01/geo/wgs84_pos#lat,Link_Out_boolean_http://www.w3.org/2003/01/geo/wgs84_pos#long,Link_Out_boolean_http://www.w3.org/2004/02/skos/core#exactMatch,Link_Out_boolean_http://www.w3.org/ns/prov#wasDerivedFrom,Link_Out_boolean_http://xmlns.com/foaf/0.1/depiction,Link_Out_boolean_http://xmlns.com/foaf/0.1/homepage,Link_Out_boolean_http://xmlns.com/foaf/0.1/isPrimaryTopicOf,Link_Out_boolean_http://xmlns.com/foaf/0.1/name
Hamburg,http://dbpedia.org/resource/Hamburg,False,True,True,True,False,True,True,True,False,False,True,False,True,True,True,True,True,True,True,True,True,True,True,True,False,True,True,True,True,True,True,True,True,False,True,True,True,True,True,True,True,True,True,False,True,True,True,True,True,True,False,True,True,True,True,True,True,True,True,False,False,True,True,False,True,True,True,True,True,True,True,True,True,True,True,True,False,True,False,False,True,True,False,True,True,True,True,True,True,True,True,False,True,True,True,True,True,True,True,True,False,True,True,True,True,True,True,True,True,False,False,True,True,True,True,True,True,False,False,False,True,True,True,True,True,False,True,True,True,True,True,True,True,True,False,True,True,True,True,True,True,True,True,True,True,True,True,True,False,True,True,True,True,True,True,True,True,True,False,True,True,True,True,True,True,True,True,True,False,True,True,True,False,True,True,True,True,True,True,True,True,True,True,True,True,True,True,False,True,True,True,True,False,True,False,True,True,True,False,True,True,True,True,True,True,True,True,True,True,True,True,True,True,True,True,True,True,True
Bremen,http://dbpedia.org/resource/Bremen,True,True,True,True,True,True,True,False,True,True,False,True,False,True,True,True,True,True,True,True,True,True,True,True,True,True,True,True,True,True,True,True,True,True,True,True,True,True,True,True,True,False,False,True,False,False,False,False,False,True,True,True,True,True,True,True,True,True,False,True,True,True,True,True,True,True,True,True,True,True,True,False,False,False,False,False,True,True,True,True,False,True,True,True,True,True,True,True,True,True,True,True,True,True,True,True,True,True,True,True,True,True,True,True,True,True,True,True,False,True,True,False,False,False,False,False,True,True,True,True,False,False,False,False,True,True,True,True,True,True,True,True,True,True,True,True,True,True,True,True,True,True,True,False,True,True,False,True,True,True,True,True,True,True,True,True,False,True,True,True,True,True,True,True,True,True,False,False,True,True,True,True,True,True,True,True,True,True,True,True,True,True,True,True,True,False,False,True,True,False,False,True,True,True,True,True,True,True,True,True,True,True,True,True,True,True,True,True,True,True,True,True,True,True,True,True,True,True
