label,uri,Link_Out_boolean_http://dbpedia.org/ontology/PopulatedPlace/areaMetro,Link_Out_boolean_http://dbpedia.org/ontology/PopulatedPlace/areaTotal,Link_Out_boolean_http://dbpedia.org/ontology/abstract,Link_Out_boolean_http://dbpedia.org/ontology/areaCode,Link_Out_boolean_http://dbpedia.org/ontology/areaMetro,Link_Out_boolean_http://dbpedia.org/ontology/areaTotal,Link_Out_boolean_http://dbpedia.org/ontology/country,Link_Out_boolean_http://dbpedia.org/ontology/demonym,Link_Out_boolean_http://dbpedia.org/ontology/elevation,Link_Out_boolean_http://dbpedia.org/ontology/federalState,Link_Out_boolean_http://dbpedia.org/ontology/leader,Link_Out_boolean_http://dbpedia.org/ontology/leaderName,Link_Out_boolean_http://dbpedia.org/ontology/leaderParty,Link_Out_boolean_http://dbpedia.org/ontology/leaderTitle,Link_Out_boolean_http://dbpedia.org/ontology/populationAsOf,Link_Out_boolean_http://dbpedia.org/ontology/populationMetro,Link_Out_boolean_http://dbpedia.org/ontology/populationTotal,Link_Out_boolean_http://dbpedia.org/ontology/postalCode,Link_Out_boolean_http://dbpedia.org/ontology/thumbnail,Link_Out_boolean_http://dbpedia.org/ontology/wikiPageExternalLink,Link_Out_boolean_http://dbpedia.org/ontology/wikiPageID,Link_Out_boolean_http://dbpedia.org/ontology/wikiPageRevisionID
Hamburg,http://dbpedia.org/resource/Hamburg,False,True,True,True,False,True,True,True,False,False,True,False,True,True,True,True,True,True,True,True,True,True
Bremen,http://dbpedia.org/resource/Bremen,True,True,True,True,True,True,True,False,True,True,False,True,False,True,True,True,True,True,True,True,True,True
