,city,uri,http://d-nb.info,http://data.nytimes.com/16057429728088573361,http://data.nytimes.com/N50987186835223032381,http://linked-web-apis.fit.cvut.cz,http://linkedgeodata.org,http://rdf.freebase.com,http://sw.cyc.com,http://sws.geonames.org/2873891,http://sws.geonames.org/2892794,http://sws.geonames.org/2950157,http://sws.geonames.org/2950159,http://sws.geonames.org/3220721,http://sws.geonames.org/3220722,http://sws.geonames.org/6547383,http://sws.geonames.org/6559162,http://www.wikidata.org,http://www4.wiwiss.fu-berlin.de,http://yago-knowledge.org
0,Mannheim,http://dbpedia.org/resource/Mannheim,http://d-nb.info/gnd/4037372-1,,,,http://linkedgeodata.org/triplify/node240060919,http://rdf.freebase.com/ns/m.0pf5y,http://sw.cyc.com/concept/Mx4rvoMwVpwpEbGdrcN5Y29ycA,http://sws.geonames.org/2873891/,,,,,http://sws.geonames.org/3220722/,,http://sws.geonames.org/6559162/,http://www.wikidata.org/entity/Q2119,,http://yago-knowledge.org/resource/Mannheim
1,Karlsruhe,http://dbpedia.org/resource/Karlsruhe,http://d-nb.info/gnd/4029713-5,,,http://linked-web-apis.fit.cvut.cz/resource/karlsruhe_city,http://linkedgeodata.org/triplify/node240120582,http://rdf.freebase.com/ns/m.0qb1z,,,http://sws.geonames.org/2892794/,,,http://sws.geonames.org/3220721/,,,,http://www.wikidata.org/entity/Q1040,http://www4.wiwiss.fu-berlin.de/eurostat/resource/regions/Karlsruhe,http://yago-knowledge.org/resource/Karlsruhe
2,Berlin,http://dbpedia.org/resource/Berlin,http://d-nb.info/gnd/4005728-8,http://data.nytimes.com/16057429728088573361,http://data.nytimes.com/N50987186835223032381,http://linked-web-apis.fit.cvut.cz/resource/berlin_city,http://linkedgeodata.org/triplify/node240109189,http://rdf.freebase.com/ns/m.0156q,http://sw.cyc.com/concept/Mx4rvVjrhpwpEbGdrcN5Y29ycA,,,http://sws.geonames.org/2950157/,http://sws.geonames.org/2950159/,,,http://sws.geonames.org/6547383/,,http://www.wikidata.org/entity/Q64,http://www4.wiwiss.fu-berlin.de/eurostat/resource/regions/Berlin,http://yago-knowledge.org/resource/Berlin
