,city,uri,http://cs.dbpedia.org,http://d-nb.info,http://data.nytimes.com/16057429728088573361,http://data.nytimes.com/N50987186835223032381,http://de.dbpedia.org,http://el.dbpedia.org,http://es.dbpedia.org,http://eu.dbpedia.org,http://fr.dbpedia.org,http://id.dbpedia.org,http://it.dbpedia.org,http://ja.dbpedia.org,http://ko.dbpedia.org,http://linked-web-apis.fit.cvut.cz,http://linkedgeodata.org,http://nl.dbpedia.org,http://pl.dbpedia.org,http://pt.dbpedia.org,http://rdf.freebase.com,http://sw.cyc.com,http://sws.geonames.org/2873891,http://sws.geonames.org/2892794,http://sws.geonames.org/2950157,http://sws.geonames.org/2950159,http://sws.geonames.org/3220721,http://sws.geonames.org/3220722,http://sws.geonames.org/6547383,http://sws.geonames.org/6559162,http://wikidata.dbpedia.org,http://www.wikidata.org,http://www4.wiwiss.fu-berlin.de,http://yago-knowledge.org
0,Mannheim,http://dbpedia.org/resource/Mannheim,http://cs.dbpedia.org/resource/Mannheim,http://d-nb.info/gnd/4037372-1,,,http://de.dbpedia.org/resource/Mannheim,http://el.dbpedia.org/resource/Μάνχαϊμ,http://es.dbpedia.org/resource/Mannheim,http://eu.dbpedia.org/resource/Mannheim,http://fr.dbpedia.org/resource/Mannheim,http://id.dbpedia.org/resource/Mannheim,http://it.dbpedia.org/resource/Mannheim,http://ja.dbpedia.org/resource/マンハイム,http://ko.dbpedia.org/resource/만하임,,http://linkedgeodata.org/triplify/node240060919,http://nl.dbpedia.org/resource/Mannheim,http://pl.dbpedia.org/resource/Mannheim,http://pt.dbpedia.org/resource/Mannheim,http://rdf.freebase.com/ns/m.0pf5y,http://sw.cyc.com/concept/Mx4rvoMwVpwpEbGdrcN5Y29ycA,http://sws.geonames.org/2873891/,,,,,http://sws.geonames.org/3220722/,,http://sws.geonames.org/6559162/,http://wikidata.dbpedia.org/resource/Q2119,http://www.wikidata.org/entity/Q2119,,http://yago-knowledge.org/resource/Mannheim
1,Karlsruhe,http://dbpedia.org/resource/Karlsruhe,http://cs.dbpedia.org/resource/Karlsruhe,http://d-nb.info/gnd/4029713-5,,,http://de.dbpedia.org/resource/Karlsruhe,http://el.dbpedia.org/resource/Καρλσρούη,http://es.dbpedia.org/resource/Karlsruhe,http://eu.dbpedia.org/resource/Karlsruhe,http://fr.dbpedia.org/resource/Karlsruhe,http://id.dbpedia.org/resource/Karlsruhe,http://it.dbpedia.org/resource/Karlsruhe,http://ja.dbpedia.org/resource/カールスルーエ,http://ko.dbpedia.org/resource/카를스루에,http://linked-web-apis.fit.cvut.cz/resource/karlsruhe_city,http://linkedgeodata.org/triplify/node240120582,http://nl.dbpedia.org/resource/Karlsruhe_(stad),http://pl.dbpedia.org/resource/Karlsruhe,http://pt.dbpedia.org/resource/Karlsruhe,http://rdf.freebase.com/ns/m.0qb1z,,,http://sws.geonames.org/2892794/,,,http://sws.geonames.org/3220721/,,,,http://wikidata.dbpedia.org/resource/Q1040,http://www.wikidata.org/entity/Q1040,http://www4.wiwiss.fu-berlin.de/eurostat/resource/regions/Karlsruhe,http://yago-knowledge.org/resource/Karlsruhe
2,Berlin,http://dbpedia.org/resource/Berlin,http://cs.dbpedia.org/resource/Berlín,http://d-nb.info/gnd/4005728-8,http://data.nytimes.com/16057429728088573361,http://data.nytimes.com/N50987186835223032381,http://de.dbpedia.org/resource/Berlin,http://el.dbpedia.org/resource/Βερολίνο,http://es.dbpedia.org/resource/Berlín,http://eu.dbpedia.org/resource/Berlin,http://fr.dbpedia.org/resource/Berlin,http://id.dbpedia.org/resource/Berlin,http://it.dbpedia.org/resource/Berlino,http://ja.dbpedia.org/resource/ベルリン,http://ko.dbpedia.org/resource/베를린,http://linked-web-apis.fit.cvut.cz/resource/berlin_city,http://linkedgeodata.org/triplify/node240109189,http://nl.dbpedia.org/resource/Berlijn,http://pl.dbpedia.org/resource/Berlin,http://pt.dbpedia.org/resource/Berlim,http://rdf.freebase.com/ns/m.0156q,http://sw.cyc.com/concept/Mx4rvVjrhpwpEbGdrcN5Y29ycA,,,http://sws.geonames.org/2950157/,http://sws.geonames.org/2950159/,,,http://sws.geonames.org/6547383/,,http://wikidata.dbpedia.org/resource/Q64,http://www.wikidata.org/entity/Q64,http://www4.wiwiss.fu-berlin.de/eurostat/resource/regions/Berlin,http://yago-knowledge.org/resource/Berlin
