,city,uri,http://af.dbpedia.org,http://als.dbpedia.org,http://am.dbpedia.org,http://an.dbpedia.org,http://ar.dbpedia.org,http://arz.dbpedia.org,http://ast.dbpedia.org,http://az.dbpedia.org,http://ba.dbpedia.org,http://bar.dbpedia.org,http://be.dbpedia.org,http://bg.dbpedia.org,http://bn.dbpedia.org,http://br.dbpedia.org,http://bs.dbpedia.org,http://ca.dbpedia.org,http://ce.dbpedia.org,http://ceb.dbpedia.org,http://ckb.dbpedia.org,http://commons.dbpedia.org,http://cs.dbpedia.org,http://cv.dbpedia.org,http://cy.dbpedia.org,http://d-nb.info,http://da.dbpedia.org,http://data.nytimes.com/16057429728088573361,http://data.nytimes.com/N50987186835223032381,http://de.dbpedia.org,http://el.dbpedia.org,http://eo.dbpedia.org,http://eo.dbpedia.org/resource/Berlin,http://eo.dbpedia.org/resource/Berlino,http://es.dbpedia.org,http://et.dbpedia.org,http://eu.dbpedia.org,http://fa.dbpedia.org,http://fi.dbpedia.org,http://fo.dbpedia.org,http://fr.dbpedia.org,http://fy.dbpedia.org,http://ga.dbpedia.org,http://gd.dbpedia.org,http://gl.dbpedia.org,http://he.dbpedia.org,http://hi.dbpedia.org,http://hr.dbpedia.org,http://ht.dbpedia.org,http://hu.dbpedia.org,http://hy.dbpedia.org,http://ia.dbpedia.org,http://id.dbpedia.org,http://io.dbpedia.org,http://is.dbpedia.org,http://it.dbpedia.org,http://ja.dbpedia.org,http://jv.dbpedia.org,http://ka.dbpedia.org,http://kk.dbpedia.org,http://kn.dbpedia.org,http://ko.dbpedia.org,http://ku.dbpedia.org,http://ky.dbpedia.org,http://la.dbpedia.org,http://lb.dbpedia.org,http://linked-web-apis.fit.cvut.cz,http://linkedgeodata.org,http://lmo.dbpedia.org,http://lt.dbpedia.org,http://lv.dbpedia.org,http://mg.dbpedia.org,http://mk.dbpedia.org,http://ml.dbpedia.org,http://mn.dbpedia.org,http://mr.dbpedia.org,http://ms.dbpedia.org,http://mt.dbpedia.org,http://my.dbpedia.org,http://mzn.dbpedia.org,http://nah.dbpedia.org,http://nap.dbpedia.org,http://nds.dbpedia.org,http://ne.dbpedia.org,http://new.dbpedia.org,http://nl.dbpedia.org,http://nn.dbpedia.org,http://no.dbpedia.org,http://oc.dbpedia.org,http://pa.dbpedia.org,http://pl.dbpedia.org,http://pms.dbpedia.org,http://pnb.dbpedia.org,http://pt.dbpedia.org,http://qu.dbpedia.org,http://rdf.freebase.com,http://ro.dbpedia.org,http://ru.dbpedia.org,http://sa.dbpedia.org,http://sah.dbpedia.org,http://scn.dbpedia.org,http://sco.dbpedia.org,http://sh.dbpedia.org,http://si.dbpedia.org,http://simple.dbpedia.org,http://sk.dbpedia.org,http://sl.dbpedia.org,http://sq.dbpedia.org,http://sr.dbpedia.org,http://sv.dbpedia.org,http://sw.cyc.com,http://sw.dbpedia.org,http://sws.geonames.org/2873891,http://sws.geonames.org/2892794,http://sws.geonames.org/2950157,http://sws.geonames.org/2950159,http://sws.geonames.org/3220721,http://sws.geonames.org/3220722,http://sws.geonames.org/6547383,http://sws.geonames.org/6559162,http://ta.dbpedia.org,http://te.dbpedia.org,http://tg.dbpedia.org,http://th.dbpedia.org,http://tl.dbpedia.org,http://tr.dbpedia.org,http://tt.dbpedia.org,http://uk.dbpedia.org,http://ur.dbpedia.org,http://uz.dbpedia.org,http://vec.dbpedia.org,http://vi.dbpedia.org,http://vo.dbpedia.org,http://war.dbpedia.org,http://wikidata.dbpedia.org,http://wikidata.org,http://www.viaf.org,http://www.viaf.org/viaf/122530980,http://www.viaf.org/viaf/154702072,http://www.wikidata.org,http://www4.wiwiss.fu-berlin.de,http://yago-knowledge.org,http://yi.dbpedia.org,http://yo.dbpedia.org,http://zh.dbpedia.org
0,Mannheim,http://dbpedia.org/resource/Mannheim,http://af.dbpedia.org/resource/Mannheim,http://als.dbpedia.org/resource/Mannheim,http://am.dbpedia.org/resource/ማንሃይም,,http://ar.dbpedia.org/resource/مانهايم,,,http://az.dbpedia.org/resource/Manhaym,,,http://be.dbpedia.org/resource/Горад_Мангейм,http://bg.dbpedia.org/resource/Манхайм,,http://br.dbpedia.org/resource/Mannheim,,http://ca.dbpedia.org/resource/Mannheim,,,,http://commons.dbpedia.org/resource/Mannheim,http://cs.dbpedia.org/resource/Mannheim,,http://cy.dbpedia.org/resource/Mannheim,http://d-nb.info/gnd/4037372-1,http://da.dbpedia.org/resource/Mannheim,,,http://de.dbpedia.org/resource/Mannheim,http://el.dbpedia.org/resource/Μάνχαϊμ,http://eo.dbpedia.org/resource/Mannheim,,,http://es.dbpedia.org/resource/Mannheim,http://et.dbpedia.org/resource/Mannheim,http://eu.dbpedia.org/resource/Mannheim,http://fa.dbpedia.org/resource/مانهایم,http://fi.dbpedia.org/resource/Mannheim,,http://fr.dbpedia.org/resource/Mannheim,http://fy.dbpedia.org/resource/Mannheim,http://ga.dbpedia.org/resource/Mannheim,,http://gl.dbpedia.org/resource/Mannheim,http://he.dbpedia.org/resource/מנהיים,,http://hr.dbpedia.org/resource/Mannheim,,http://hu.dbpedia.org/resource/Mannheim,http://hy.dbpedia.org/resource/Մանհայմ,,http://id.dbpedia.org/resource/Mannheim,http://io.dbpedia.org/resource/Mannheim,http://is.dbpedia.org/resource/Mannheim,http://it.dbpedia.org/resource/Mannheim,http://ja.dbpedia.org/resource/マンハイム,,http://ka.dbpedia.org/resource/მანჰაიმი,,,http://ko.dbpedia.org/resource/만하임,http://ku.dbpedia.org/resource/Mannheim,,http://la.dbpedia.org/resource/Manhemium,http://lb.dbpedia.org/resource/Mannheim,,http://linkedgeodata.org/triplify/node240060919,http://lmo.dbpedia.org/resource/Mannheim,http://lt.dbpedia.org/resource/Manheimas,http://lv.dbpedia.org/resource/Manheima,,http://mk.dbpedia.org/resource/Манхајм,,http://mn.dbpedia.org/resource/Манхайм,http://mr.dbpedia.org/resource/मानहाइम,,,,,,,,,,http://nl.dbpedia.org/resource/Mannheim,http://nn.dbpedia.org/resource/Mannheim,http://no.dbpedia.org/resource/Mannheim,http://oc.dbpedia.org/resource/Mannheim,,http://pl.dbpedia.org/resource/Mannheim,,,http://pt.dbpedia.org/resource/Mannheim,,http://rdf.freebase.com/ns/m.0pf5y,http://ro.dbpedia.org/resource/Mannheim,http://ru.dbpedia.org/resource/Мангейм,,,,http://sco.dbpedia.org/resource/Mannheim,http://sh.dbpedia.org/resource/Mannheim,,http://simple.dbpedia.org/resource/Mannheim,http://sk.dbpedia.org/resource/Mannheim,http://sl.dbpedia.org/resource/Mannheim,http://sq.dbpedia.org/resource/Manhajmi,http://sr.dbpedia.org/resource/Манхајм,http://sv.dbpedia.org/resource/Mannheim,http://sw.cyc.com/concept/Mx4rvoMwVpwpEbGdrcN5Y29ycA,http://sw.dbpedia.org/resource/Mannheim,http://sws.geonames.org/2873891/,,,,,http://sws.geonames.org/3220722/,,http://sws.geonames.org/6559162/,,,,http://th.dbpedia.org/resource/มันไฮม์,,http://tr.dbpedia.org/resource/Mannheim,,http://uk.dbpedia.org/resource/Мангайм_(місто),http://ur.dbpedia.org/resource/مانہایم,http://uz.dbpedia.org/resource/Mannheim,,http://vi.dbpedia.org/resource/Mannheim,http://vo.dbpedia.org/resource/Mannheim,http://war.dbpedia.org/resource/Mannheim,http://wikidata.dbpedia.org/resource/Q2119,http://wikidata.org/entity/Q2119,http://www.viaf.org/viaf/135518763,,,http://www.wikidata.org/entity/Q2119,,http://yago-knowledge.org/resource/Mannheim,,,http://zh.dbpedia.org/resource/曼海姆
1,Karlsruhe,http://dbpedia.org/resource/Karlsruhe,http://af.dbpedia.org/resource/Karlsruhe,http://als.dbpedia.org/resource/Karlsruhe,,,http://ar.dbpedia.org/resource/كارلسروه,,,http://az.dbpedia.org/resource/Karlsrue,,http://bar.dbpedia.org/resource/Karlsruhe,http://be.dbpedia.org/resource/Горад_Карлсруэ,http://bg.dbpedia.org/resource/Карлсруе,,http://br.dbpedia.org/resource/Karlsruhe,,http://ca.dbpedia.org/resource/Karlsruhe,,,,http://commons.dbpedia.org/resource/Karlsruhe,http://cs.dbpedia.org/resource/Karlsruhe,http://cv.dbpedia.org/resource/Карлсруэ,http://cy.dbpedia.org/resource/Karlsruhe,http://d-nb.info/gnd/4029713-5,http://da.dbpedia.org/resource/Karlsruhe,,,http://de.dbpedia.org/resource/Karlsruhe,http://el.dbpedia.org/resource/Καρλσρούη,http://eo.dbpedia.org/resource/Karlsruhe,,,http://es.dbpedia.org/resource/Karlsruhe,http://et.dbpedia.org/resource/Karlsruhe,http://eu.dbpedia.org/resource/Karlsruhe,http://fa.dbpedia.org/resource/کارلسروهه,http://fi.dbpedia.org/resource/Karlsruhe,,http://fr.dbpedia.org/resource/Karlsruhe,http://fy.dbpedia.org/resource/Karlsruhe,,http://gd.dbpedia.org/resource/Karlsruhe,http://gl.dbpedia.org/resource/Karlsruhe,http://he.dbpedia.org/resource/קרלסרוהה,http://hi.dbpedia.org/resource/कार्ल्सरुहे,http://hr.dbpedia.org/resource/Karlsruhe,,http://hu.dbpedia.org/resource/Karlsruhe,http://hy.dbpedia.org/resource/Կարլսրուե,,http://id.dbpedia.org/resource/Karlsruhe,http://io.dbpedia.org/resource/Karlsruhe,http://is.dbpedia.org/resource/Karlsruhe,http://it.dbpedia.org/resource/Karlsruhe,http://ja.dbpedia.org/resource/カールスルーエ,,http://ka.dbpedia.org/resource/კარლსრუე,,,http://ko.dbpedia.org/resource/카를스루에,http://ku.dbpedia.org/resource/Karlsruhe,,http://la.dbpedia.org/resource/Carolsruha,http://lb.dbpedia.org/resource/Karlsruhe,http://linked-web-apis.fit.cvut.cz/resource/karlsruhe_city,http://linkedgeodata.org/triplify/node240120582,http://lmo.dbpedia.org/resource/Karlsruhe,http://lt.dbpedia.org/resource/Karlsrūjė,http://lv.dbpedia.org/resource/Karlsrūe,,http://mk.dbpedia.org/resource/Карлсруе,,http://mn.dbpedia.org/resource/Карлсруэ,http://mr.dbpedia.org/resource/कार्ल्सरूह,http://ms.dbpedia.org/resource/Karlsruhe,,,,,,http://nds.dbpedia.org/resource/Karlsruhe,,,http://nl.dbpedia.org/resource/Karlsruhe_(stad),http://nn.dbpedia.org/resource/Karlsruhe,http://no.dbpedia.org/resource/Karlsruhe,http://oc.dbpedia.org/resource/Karlsruhe,,http://pl.dbpedia.org/resource/Karlsruhe,,http://pnb.dbpedia.org/resource/کارلزروہے_محل,http://pt.dbpedia.org/resource/Karlsruhe,,http://rdf.freebase.com/ns/m.0qb1z,http://ro.dbpedia.org/resource/Karlsruhe,http://ru.dbpedia.org/resource/Карлсруэ,,http://sah.dbpedia.org/resource/Карлсруэ,,http://sco.dbpedia.org/resource/Karlsruhe,http://sh.dbpedia.org/resource/Karlsruhe,,http://simple.dbpedia.org/resource/Karlsruhe,http://sk.dbpedia.org/resource/Karlsruhe_(mesto),,http://sq.dbpedia.org/resource/Karlsruhe,http://sr.dbpedia.org/resource/Карлсруе,http://sv.dbpedia.org/resource/Karlsruhe,,http://sw.dbpedia.org/resource/Karlsruhe,,http://sws.geonames.org/2892794/,,,http://sws.geonames.org/3220721/,,,,,,,http://th.dbpedia.org/resource/คาร์ลสรูเออ,,http://tr.dbpedia.org/resource/Karlsruhe,,http://uk.dbpedia.org/resource/Карлсруе,,http://uz.dbpedia.org/resource/Karlsruhe,,http://vi.dbpedia.org/resource/Karlsruhe,http://vo.dbpedia.org/resource/Karlsruhe,http://war.dbpedia.org/resource/Karlsruhe,http://wikidata.dbpedia.org/resource/Q1040,http://wikidata.org/entity/Q1040,http://www.viaf.org/viaf/241322215,,,http://www.wikidata.org/entity/Q1040,http://www4.wiwiss.fu-berlin.de/eurostat/resource/regions/Karlsruhe,http://yago-knowledge.org/resource/Karlsruhe,http://yi.dbpedia.org/resource/קארלסרוע,,http://zh.dbpedia.org/resource/卡尔斯鲁厄
2,Berlin,http://dbpedia.org/resource/Berlin,http://af.dbpedia.org/resource/Berlyn,http://als.dbpedia.org/resource/Berlin,http://am.dbpedia.org/resource/በርሊን,http://an.dbpedia.org/resource/Berlín,http://ar.dbpedia.org/resource/برلين,http://arz.dbpedia.org/resource/بيرلين,http://ast.dbpedia.org/resource/Berlín,http://az.dbpedia.org/resource/Berlin,http://ba.dbpedia.org/resource/Берлин,http://bar.dbpedia.org/resource/Berlin,http://be.dbpedia.org/resource/Горад_Берлін,http://bg.dbpedia.org/resource/Берлин,http://bn.dbpedia.org/resource/বার্লিন,http://br.dbpedia.org/resource/Berlin,http://bs.dbpedia.org/resource/Berlin,http://ca.dbpedia.org/resource/Berlín,http://ce.dbpedia.org/resource/Берлин,http://ceb.dbpedia.org/resource/Berlin,http://ckb.dbpedia.org/resource/بەرلین,http://commons.dbpedia.org/resource/Berlin,http://cs.dbpedia.org/resource/Berlín,http://cv.dbpedia.org/resource/Берлин,http://cy.dbpedia.org/resource/Berlin,http://d-nb.info/gnd/4005728-8,http://da.dbpedia.org/resource/Berlin,http://data.nytimes.com/16057429728088573361,http://data.nytimes.com/N50987186835223032381,http://de.dbpedia.org/resource/Berlin,http://el.dbpedia.org/resource/Βερολίνο,,http://eo.dbpedia.org/resource/Berlin,http://eo.dbpedia.org/resource/Berlino,http://es.dbpedia.org/resource/Berlín,http://et.dbpedia.org/resource/Berliin,http://eu.dbpedia.org/resource/Berlin,http://fa.dbpedia.org/resource/برلین,http://fi.dbpedia.org/resource/Berliini,http://fo.dbpedia.org/resource/Berlin,http://fr.dbpedia.org/resource/Berlin,http://fy.dbpedia.org/resource/Berlyn,http://ga.dbpedia.org/resource/Beirlín,http://gd.dbpedia.org/resource/Berlin,http://gl.dbpedia.org/resource/Berlín,http://he.dbpedia.org/resource/ברלין,http://hi.dbpedia.org/resource/बर्लिन,http://hr.dbpedia.org/resource/Berlin,http://ht.dbpedia.org/resource/Bèlen,http://hu.dbpedia.org/resource/Berlin,http://hy.dbpedia.org/resource/Բեռլին,http://ia.dbpedia.org/resource/Berlin,http://id.dbpedia.org/resource/Berlin,http://io.dbpedia.org/resource/Berlin,http://is.dbpedia.org/resource/Berlín,http://it.dbpedia.org/resource/Berlino,http://ja.dbpedia.org/resource/ベルリン,http://jv.dbpedia.org/resource/Berlin,http://ka.dbpedia.org/resource/ბერლინი,http://kk.dbpedia.org/resource/Берлин,http://kn.dbpedia.org/resource/ಬರ್ಲಿನ್,http://ko.dbpedia.org/resource/베를린,http://ku.dbpedia.org/resource/Berlîn,http://ky.dbpedia.org/resource/Берлин,http://la.dbpedia.org/resource/Berolinum,http://lb.dbpedia.org/resource/Berlin,http://linked-web-apis.fit.cvut.cz/resource/berlin_city,http://linkedgeodata.org/triplify/node240109189,http://lmo.dbpedia.org/resource/Berlin,http://lt.dbpedia.org/resource/Berlynas,http://lv.dbpedia.org/resource/Berlīne,http://mg.dbpedia.org/resource/Berlin,http://mk.dbpedia.org/resource/Берлин,http://ml.dbpedia.org/resource/ബെർലിൻ,http://mn.dbpedia.org/resource/Берлин,http://mr.dbpedia.org/resource/बर्लिन,http://ms.dbpedia.org/resource/Berlin,http://mt.dbpedia.org/resource/Berlin,http://my.dbpedia.org/resource/ဘာလင်မြို့,http://mzn.dbpedia.org/resource/برلین,http://nah.dbpedia.org/resource/Berlin,http://nap.dbpedia.org/resource/Berlino,http://nds.dbpedia.org/resource/Berlin,http://ne.dbpedia.org/resource/बर्लिन,http://new.dbpedia.org/resource/बर्लिन,http://nl.dbpedia.org/resource/Berlijn,http://nn.dbpedia.org/resource/Berlin,http://no.dbpedia.org/resource/Berlin,http://oc.dbpedia.org/resource/Berlin,http://pa.dbpedia.org/resource/ਬਰਲਿਨ,http://pl.dbpedia.org/resource/Berlin,http://pms.dbpedia.org/resource/Berlin,http://pnb.dbpedia.org/resource/برلن,http://pt.dbpedia.org/resource/Berlim,http://qu.dbpedia.org/resource/Berlin,http://rdf.freebase.com/ns/m.0156q,http://ro.dbpedia.org/resource/Berlin,http://ru.dbpedia.org/resource/Берлин,http://sa.dbpedia.org/resource/बर्लिन,http://sah.dbpedia.org/resource/Берлин,http://scn.dbpedia.org/resource/Birlinu,http://sco.dbpedia.org/resource/Berlin,http://sh.dbpedia.org/resource/Berlin,http://si.dbpedia.org/resource/බර්ලිනය,http://simple.dbpedia.org/resource/Berlin,http://sk.dbpedia.org/resource/Berlín,http://sl.dbpedia.org/resource/Berlin,http://sq.dbpedia.org/resource/Berlini,http://sr.dbpedia.org/resource/Берлин,http://sv.dbpedia.org/resource/Berlin,http://sw.cyc.com/concept/Mx4rvVjrhpwpEbGdrcN5Y29ycA,http://sw.dbpedia.org/resource/Berlin,,,http://sws.geonames.org/2950157/,http://sws.geonames.org/2950159/,,,http://sws.geonames.org/6547383/,,http://ta.dbpedia.org/resource/பெர்லின்,http://te.dbpedia.org/resource/బెర్లిన్,http://tg.dbpedia.org/resource/Берлин,http://th.dbpedia.org/resource/เบอร์ลิน,http://tl.dbpedia.org/resource/Berlin,http://tr.dbpedia.org/resource/Berlin,http://tt.dbpedia.org/resource/Берлин,http://uk.dbpedia.org/resource/Берлін,http://ur.dbpedia.org/resource/برلن,http://uz.dbpedia.org/resource/Berlin,http://vec.dbpedia.org/resource/Berlin,http://vi.dbpedia.org/resource/Berlin,http://vo.dbpedia.org/resource/Berlin,http://war.dbpedia.org/resource/Berlin,http://wikidata.dbpedia.org/resource/Q64,http://wikidata.org/entity/Q64,,http://www.viaf.org/viaf/122530980,http://www.viaf.org/viaf/154702072,http://www.wikidata.org/entity/Q64,http://www4.wiwiss.fu-berlin.de/eurostat/resource/regions/Berlin,http://yago-knowledge.org/resource/Berlin,http://yi.dbpedia.org/resource/בערלין,http://yo.dbpedia.org/resource/Berlin,http://zh.dbpedia.org/resource/柏林
