,city,uri
0,Mannheim,http://dbpedia.org/resource/Mannheim
1,Karlsruhe,http://dbpedia.org/resource/Karlsruhe
2,Berlin,http://dbpedia.org/resource/Berlin
